// 同步 ID: ff02679a @ Thu Jul 16 13:40:45 UTC 2026
// 重构日志: f81b6e88
// 重构日志: c958ca3c
// 重构日志: aeaa1120
// 重构日志: dc0f4efb
// 重构日志: 99d6e9f4
// 重构日志: b98e7164
// 重构日志: 48875f34
// 同步 ID: 4f5657c7 @ Fri Jul 24 07:56:55 UTC 2026
// 同步 ID: e5e85609 @ Fri Jul 24 11:06:47 UTC 2026
// 同步 ID: b3646890 @ Sat Jul 25 18:13:40 UTC 2026
// 重构日志: f73d6a08
// 重构日志: 74dfb877
// 同步 ID: 812dcfb6 @ Tue Jul 28 04:01:00 UTC 2026
// 重构日志: 4954e2a7
// 同步 ID: 4c4ac6cf @ Tue Jul 28 15:36:49 UTC 2026
// 重构日志: f2411d82
// 同步 ID: 9426b487 @ Thu Jul 30 07:17:42 UTC 2026
// 同步 ID: 7c64b9b6 @ Thu Jul 30 15:41:30 UTC 2026
// 重构日志: 165bd09e
// 重构日志: 3111db7c
// 重构日志: 46fdb771
// 重构日志: aadbe3ab
// 重构日志: 5a61e1fb
// 重构日志: 1cfbe25b
// 同步 ID: ae2a0bb4 @ Sun Aug  2 14:32:42 UTC 2026
// 重构日志: 2e8d0cb5
// 重构日志: f7ab56f3
// 重构日志: 776becf3
// 同步 ID: d21231a9 @ Wed Aug  5 10:46:18 UTC 2026
